<html>
<body>
<pre>
<h1>µVision Build Log</h1>
<h2>Tool Versions:</h2>
IDE-Version: ¦ÌVision V5.18.0.0
Copyright (C) 2016 ARM Ltd and ARM Germany GmbH. All rights reserved.
License Information: 1 li007, 1, LIC=ZB4EI-T3MPK-HL0CL-0JWET-9NM0W-W7A2P
 
Tool Versions:
Toolchain:       MDK-ARM Standard  Version: 5.18
Toolchain Path:  D:\keil5\ARM\ARMCC\Bin
C Compiler:      Armcc.exe V5.06 update 1 (build 61)
Assembler:       Armasm.exe V5.06 update 1 (build 61)
Linker/Locator:  ArmLink.exe V5.06 update 1 (build 61)
Library Manager: ArmAr.exe V5.06 update 1 (build 61)
Hex Converter:   FromElf.exe V5.06 update 1 (build 61)
CPU DLL:         SARMCM3.DLL V5.18
Dialog DLL:      DCM.DLL V1.13.6.0
Target DLL:      Segger\JL2CM3.dll V2.99.18.0
Dialog DLL:      TCM.DLL V1.14.8.0
 
<h2>Project:</h2>
H:\Myself_Project\Graduation _Project\Software\Audio_analyzer\USER\audio_analyzer.uvprojx
Project File Date:  03/04/2023

<h2>Output:</h2>
*** Using Compiler 'V5.06 update 1 (build 61)', folder: 'D:\keil5\ARM\ARMCC\Bin'
Build target 'Target 1'
compiling main.c...
..\HARDWARE\ADC\adc.h(6): warning:  #1295-D: Deprecated declaration adc_Init - give arg types
  void adc_Init();
..\HARDWARE\ADC\adc.h(7): warning:  #1295-D: Deprecated declaration get_adc - give arg types
  
..\HARDWARE\ADC\adc.h(8): warning:  #1295-D: Deprecated declaration get_adc2 - give arg types
  
..\HARDWARE\KEY\key.h(7): warning:  #1295-D: Deprecated declaration key_Init - give arg types
  void key_Init();
include.h(22): warning:  #1-D: last line of file ends without a newline
  	 
main.c(23): warning:  #1295-D: Deprecated declaration In_displayWaveform - give arg types
  void In_displayWaveform();
main.c(24): warning:  #1295-D: Deprecated declaration displayPowerMag - give arg types
  void displayPowerMag();
main.c(26): warning:  #1134-D: literal treated as "long long"
  uint32_t bettery_num = 3221225472;
main.c(150): warning:  #177-D: variable "cln" was declared but never referenced
  	int  cln;
main.c(177): warning:  #177-D: variable "time" was declared but never referenced
  	int time;
main.c: 10 warnings, 0 errors
linking...
Program Size: Code=16330 RO-data=30690 RW-data=924 ZI-data=24364  
FromELF: creating hex file...
"..\OBJ\OLED.axf" - 0 Error(s), 10 Warning(s).

<h2>Collection of Component include folders:</h2>
  H:\Myself_Project\Graduation _Project\Software\Audio_analyzer\USER\RTE
  D:\keil5\ARM\PACK\Keil\STM32F1xx_DFP\2.4.0\Device\Include

<h2>Collection of Component Files used:</h2>
Build Time Elapsed:  00:00:01
</pre>
</body>
</html>
